---
http_interactions:
- request:
    method: get
    uri: http://www.mapquestapi.com/geocoding/v1/address?key=<map_key>&location=chicago,il
    body:
      encoding: US-ASCII
      string: ''
    headers:
      User-Agent:
      - Faraday v1.8.0
      Accept-Encoding:
      - gzip;q=1.0,deflate;q=0.6,identity;q=0.3
      Accept:
      - "*/*"
  response:
    status:
      code: 200
      message: ''
    headers:
      Date:
      - Mon, 15 Nov 2021 16:39:48 GMT
      Content-Type:
      - application/json;charset=UTF-8
      Transfer-Encoding:
      - chunked
      Access-Control-Allow-Methods:
      - OPTIONS,GET,POST
      Access-Control-Allow-Origin:
      - "*"
      Cache-Control:
      - no-cache, must-revalidate
      Expires:
      - Mon, 20 Dec 1998 01:00:00 GMT
      Geocodetransactioncount:
      - '1'
      Last-Modified:
      - Mon, 15 Nov 2021 16:39:48 GMT
      Pragma:
      - no-cache
      Reversegeocodetransactioncount:
      - '0'
      Set-Cookie:
      - JSESSIONID=555C3B0FFCA041C4E8EDF2028F0D3B47; Path=/; HttpOnly
      Status:
      - success
      Transactionweight:
      - '1.0'
    body:
      encoding: UTF-8
      string: '{"info":{"statuscode":0,"copyright":{"text":"\u00A9 2021 MapQuest,
        Inc.","imageUrl":"http://api.mqcdn.com/res/mqlogo.gif","imageAltText":"\u00A9
        2021 MapQuest, Inc."},"messages":[]},"options":{"maxResults":-1,"thumbMaps":true,"ignoreLatLngInput":false},"results":[{"providedLocation":{"location":"chicago,il"},"locations":[{"street":"","adminArea6":"","adminArea6Type":"Neighborhood","adminArea5":"Chicago","adminArea5Type":"City","adminArea4":"Cook
        County","adminArea4Type":"County","adminArea3":"IL","adminArea3Type":"State","adminArea1":"US","adminArea1Type":"Country","postalCode":"","geocodeQualityCode":"A5XAX","geocodeQuality":"CITY","dragPoint":false,"sideOfStreet":"N","linkId":"282039507","unknownInput":"","type":"s","latLng":{"lat":41.883229,"lng":-87.632398},"displayLatLng":{"lat":41.883229,"lng":-87.632398},"mapUrl":"http://www.mapquestapi.com/staticmap/v5/map?key=<map_key>&type=map&size=225,160&locations=41.883229,-87.632398|marker-sm-50318A-1&scalebar=true&zoom=12&rand=501227776"}]}]}'
  recorded_at: Mon, 15 Nov 2021 16:39:48 GMT
- request:
    method: get
    uri: https://api.openweathermap.org/data/2.5/onecall?appid=<weather_key>&exclude=minutely,alerts&lat=41.883229&lon=-87.632398&units=imperial
    body:
      encoding: US-ASCII
      string: ''
    headers:
      User-Agent:
      - Faraday v1.8.0
      Accept-Encoding:
      - gzip;q=1.0,deflate;q=0.6,identity;q=0.3
      Accept:
      - "*/*"
  response:
    status:
      code: 200
      message: OK
    headers:
      Server:
      - openresty
      Date:
      - Mon, 15 Nov 2021 16:39:49 GMT
      Content-Type:
      - application/json; charset=utf-8
      Content-Length:
      - '17859'
      Connection:
      - keep-alive
      X-Cache-Key:
      - "/data/2.5/onecall?exclude=minutely%2Calerts&lat=41.88&lon=-87.63&units=imperial"
      Access-Control-Allow-Origin:
      - "*"
      Access-Control-Allow-Credentials:
      - 'true'
      Access-Control-Allow-Methods:
      - GET, POST
    body:
      encoding: UTF-8
      string: '{"lat":41.8832,"lon":-87.6324,"timezone":"America/Chicago","timezone_offset":-21600,"current":{"dt":1636994389,"sunrise":1636980037,"sunset":1637015399,"temp":33.6,"feels_like":28.94,"pressure":1021,"humidity":61,"dew_point":22.78,"uvi":1.15,"clouds":90,"visibility":10000,"wind_speed":5.01,"wind_deg":284,"wind_gust":8.01,"weather":[{"id":804,"main":"Clouds","description":"overcast
        clouds","icon":"04d"}]},"hourly":[{"dt":1636992000,"temp":33.89,"feels_like":28.31,"pressure":1021,"humidity":58,"dew_point":21.97,"uvi":0.82,"clouds":92,"visibility":10000,"wind_speed":6.22,"wind_deg":255,"wind_gust":8.14,"weather":[{"id":804,"main":"Clouds","description":"overcast
        clouds","icon":"04d"}],"pop":0},{"dt":1636995600,"temp":33.6,"feels_like":27.61,"pressure":1021,"humidity":61,"dew_point":22.78,"uvi":1.15,"clouds":90,"visibility":10000,"wind_speed":6.73,"wind_deg":248,"wind_gust":8.95,"weather":[{"id":804,"main":"Clouds","description":"overcast
        clouds","icon":"04d"}],"pop":0},{"dt":1636999200,"temp":34.36,"feels_like":28.06,"pressure":1021,"humidity":57,"dew_point":21.99,"uvi":1.25,"clouds":92,"visibility":10000,"wind_speed":7.43,"wind_deg":242,"wind_gust":9.26,"weather":[{"id":804,"main":"Clouds","description":"overcast
        clouds","icon":"04d"}],"pop":0},{"dt":1637002800,"temp":35.22,"feels_like":29.23,"pressure":1020,"humidity":56,"dew_point":22.35,"uvi":1.26,"clouds":94,"visibility":10000,"wind_speed":7.23,"wind_deg":245,"wind_gust":8.32,"weather":[{"id":804,"main":"Clouds","description":"overcast
        clouds","icon":"04d"}],"pop":0.05},{"dt":1637006400,"temp":35.49,"feels_like":30.56,"pressure":1020,"humidity":62,"dew_point":24.73,"uvi":0.84,"clouds":96,"visibility":10000,"wind_speed":5.77,"wind_deg":238,"wind_gust":6.38,"weather":[{"id":804,"main":"Clouds","description":"overcast
        clouds","icon":"04d"}],"pop":0.25},{"dt":1637010000,"temp":36.05,"feels_like":31.89,"pressure":1019,"humidity":66,"dew_point":26.53,"uvi":0.39,"clouds":97,"visibility":10000,"wind_speed":4.92,"wind_deg":224,"wind_gust":5.48,"weather":[{"id":804,"main":"Clouds","description":"overcast
        clouds","icon":"04d"}],"pop":0.3},{"dt":1637013600,"temp":36.1,"feels_like":31.98,"pressure":1019,"humidity":76,"dew_point":28.98,"uvi":0.11,"clouds":99,"visibility":10000,"wind_speed":4.9,"wind_deg":206,"wind_gust":5.37,"weather":[{"id":804,"main":"Clouds","description":"overcast
        clouds","icon":"04d"}],"pop":0.35},{"dt":1637017200,"temp":35.62,"feels_like":31.28,"pressure":1020,"humidity":86,"dew_point":31.62,"uvi":0,"clouds":99,"visibility":10000,"wind_speed":5.06,"wind_deg":196,"wind_gust":6.11,"weather":[{"id":804,"main":"Clouds","description":"overcast
        clouds","icon":"04n"}],"pop":0.35},{"dt":1637020800,"temp":35.31,"feels_like":31.59,"pressure":1020,"humidity":93,"dew_point":33.44,"uvi":0,"clouds":100,"visibility":1608,"wind_speed":4.32,"wind_deg":199,"wind_gust":5.97,"weather":[{"id":804,"main":"Clouds","description":"overcast
        clouds","icon":"04n"}],"pop":0.35},{"dt":1637024400,"temp":35.33,"feels_like":31.86,"pressure":1020,"humidity":93,"dew_point":33.57,"uvi":0,"clouds":100,"visibility":640,"wind_speed":4.07,"wind_deg":183,"wind_gust":5.77,"weather":[{"id":804,"main":"Clouds","description":"overcast
        clouds","icon":"04n"}],"pop":0.12},{"dt":1637028000,"temp":35.94,"feels_like":32.25,"pressure":1020,"humidity":86,"dew_point":32.14,"uvi":0,"clouds":100,"visibility":10000,"wind_speed":4.38,"wind_deg":175,"wind_gust":5.41,"weather":[{"id":804,"main":"Clouds","description":"overcast
        clouds","icon":"04n"}],"pop":0.02},{"dt":1637031600,"temp":36.19,"feels_like":33.03,"pressure":1020,"humidity":84,"dew_point":31.89,"uvi":0,"clouds":100,"visibility":10000,"wind_speed":3.89,"wind_deg":168,"wind_gust":4.79,"weather":[{"id":804,"main":"Clouds","description":"overcast
        clouds","icon":"04n"}],"pop":0},{"dt":1637035200,"temp":36.5,"feels_like":33.62,"pressure":1020,"humidity":83,"dew_point":31.69,"uvi":0,"clouds":100,"visibility":10000,"wind_speed":3.67,"wind_deg":167,"wind_gust":4.27,"weather":[{"id":804,"main":"Clouds","description":"overcast
        clouds","icon":"04n"}],"pop":0},{"dt":1637038800,"temp":36.73,"feels_like":33.3,"pressure":1019,"humidity":81,"dew_point":31.59,"uvi":0,"clouds":100,"visibility":10000,"wind_speed":4.25,"wind_deg":154,"wind_gust":4.92,"weather":[{"id":804,"main":"Clouds","description":"overcast
        clouds","icon":"04n"}],"pop":0},{"dt":1637042400,"temp":36.91,"feels_like":33.03,"pressure":1019,"humidity":81,"dew_point":31.66,"uvi":0,"clouds":99,"visibility":10000,"wind_speed":4.79,"wind_deg":144,"wind_gust":5.84,"weather":[{"id":804,"main":"Clouds","description":"overcast
        clouds","icon":"04n"}],"pop":0},{"dt":1637046000,"temp":36.99,"feels_like":33.53,"pressure":1019,"humidity":82,"dew_point":31.82,"uvi":0,"clouds":80,"visibility":10000,"wind_speed":4.32,"wind_deg":119,"wind_gust":5.88,"weather":[{"id":803,"main":"Clouds","description":"broken
        clouds","icon":"04n"}],"pop":0},{"dt":1637049600,"temp":37.15,"feels_like":32.29,"pressure":1018,"humidity":83,"dew_point":32.34,"uvi":0,"clouds":90,"visibility":10000,"wind_speed":6.11,"wind_deg":114,"wind_gust":8.52,"weather":[{"id":804,"main":"Clouds","description":"overcast
        clouds","icon":"04n"}],"pop":0},{"dt":1637053200,"temp":37.31,"feels_like":32.4,"pressure":1018,"humidity":84,"dew_point":32.95,"uvi":0,"clouds":93,"visibility":10000,"wind_speed":6.24,"wind_deg":118,"wind_gust":9.19,"weather":[{"id":804,"main":"Clouds","description":"overcast
        clouds","icon":"04n"}],"pop":0},{"dt":1637056800,"temp":37.49,"feels_like":32.22,"pressure":1018,"humidity":85,"dew_point":33.22,"uvi":0,"clouds":88,"visibility":10000,"wind_speed":6.85,"wind_deg":111,"wind_gust":10.13,"weather":[{"id":804,"main":"Clouds","description":"overcast
        clouds","icon":"04n"}],"pop":0},{"dt":1637060400,"temp":38.07,"feels_like":32.27,"pressure":1018,"humidity":84,"dew_point":33.53,"uvi":0,"clouds":89,"visibility":10000,"wind_speed":7.92,"wind_deg":117,"wind_gust":11.65,"weather":[{"id":804,"main":"Clouds","description":"overcast
        clouds","icon":"04n"}],"pop":0},{"dt":1637064000,"temp":38.43,"feels_like":32.45,"pressure":1018,"humidity":83,"dew_point":33.69,"uvi":0,"clouds":91,"visibility":10000,"wind_speed":8.43,"wind_deg":121,"wind_gust":12.84,"weather":[{"id":804,"main":"Clouds","description":"overcast
        clouds","icon":"04n"}],"pop":0},{"dt":1637067600,"temp":38.52,"feels_like":32.13,"pressure":1018,"humidity":83,"dew_point":33.78,"uvi":0,"clouds":100,"visibility":10000,"wind_speed":9.31,"wind_deg":127,"wind_gust":14.45,"weather":[{"id":804,"main":"Clouds","description":"overcast
        clouds","icon":"04d"}],"pop":0},{"dt":1637071200,"temp":39.09,"feels_like":32.61,"pressure":1019,"humidity":80,"dew_point":33.51,"uvi":0.16,"clouds":100,"visibility":10000,"wind_speed":9.78,"wind_deg":139,"wind_gust":15.73,"weather":[{"id":804,"main":"Clouds","description":"overcast
        clouds","icon":"04d"}],"pop":0},{"dt":1637074800,"temp":40.05,"feels_like":33.48,"pressure":1018,"humidity":77,"dew_point":33.3,"uvi":0.5,"clouds":100,"visibility":10000,"wind_speed":10.54,"wind_deg":135,"wind_gust":15.46,"weather":[{"id":804,"main":"Clouds","description":"overcast
        clouds","icon":"04d"}],"pop":0},{"dt":1637078400,"temp":41.47,"feels_like":35.22,"pressure":1018,"humidity":73,"dew_point":33.51,"uvi":1.06,"clouds":100,"visibility":10000,"wind_speed":10.6,"wind_deg":137,"wind_gust":14.54,"weather":[{"id":804,"main":"Clouds","description":"overcast
        clouds","icon":"04d"}],"pop":0},{"dt":1637082000,"temp":43.39,"feels_like":37.47,"pressure":1017,"humidity":70,"dew_point":34.03,"uvi":1.49,"clouds":99,"visibility":10000,"wind_speed":10.98,"wind_deg":147,"wind_gust":14.63,"weather":[{"id":804,"main":"Clouds","description":"overcast
        clouds","icon":"04d"}],"pop":0},{"dt":1637085600,"temp":45.28,"feels_like":39.87,"pressure":1015,"humidity":67,"dew_point":34.75,"uvi":1.63,"clouds":98,"visibility":10000,"wind_speed":10.87,"wind_deg":150,"wind_gust":14.65,"weather":[{"id":804,"main":"Clouds","description":"overcast
        clouds","icon":"04d"}],"pop":0},{"dt":1637089200,"temp":47.34,"feels_like":42.31,"pressure":1014,"humidity":64,"dew_point":35.71,"uvi":1.46,"clouds":61,"visibility":10000,"wind_speed":11.23,"wind_deg":151,"wind_gust":15.26,"weather":[{"id":803,"main":"Clouds","description":"broken
        clouds","icon":"04d"}],"pop":0},{"dt":1637092800,"temp":48.88,"feels_like":44.01,"pressure":1013,"humidity":64,"dew_point":36.95,"uvi":0.97,"clouds":67,"visibility":10000,"wind_speed":12.03,"wind_deg":157,"wind_gust":17.2,"weather":[{"id":803,"main":"Clouds","description":"broken
        clouds","icon":"04d"}],"pop":0},{"dt":1637096400,"temp":49.39,"feels_like":44.55,"pressure":1012,"humidity":66,"dew_point":38.39,"uvi":0.44,"clouds":78,"visibility":10000,"wind_speed":12.35,"wind_deg":152,"wind_gust":21,"weather":[{"id":803,"main":"Clouds","description":"broken
        clouds","icon":"04d"}],"pop":0},{"dt":1637100000,"temp":48.99,"feels_like":43.74,"pressure":1012,"humidity":72,"dew_point":40.17,"uvi":0.12,"clouds":83,"visibility":10000,"wind_speed":13.49,"wind_deg":154,"wind_gust":25.46,"weather":[{"id":803,"main":"Clouds","description":"broken
        clouds","icon":"04d"}],"pop":0},{"dt":1637103600,"temp":48.79,"feels_like":43.3,"pressure":1012,"humidity":77,"dew_point":41.83,"uvi":0,"clouds":87,"visibility":10000,"wind_speed":14.18,"wind_deg":155,"wind_gust":29.51,"weather":[{"id":804,"main":"Clouds","description":"overcast
        clouds","icon":"04n"}],"pop":0},{"dt":1637107200,"temp":49.1,"feels_like":43.38,"pressure":1011,"humidity":81,"dew_point":43.45,"uvi":0,"clouds":89,"visibility":10000,"wind_speed":15.48,"wind_deg":159,"wind_gust":35.37,"weather":[{"id":804,"main":"Clouds","description":"overcast
        clouds","icon":"04n"}],"pop":0},{"dt":1637110800,"temp":50,"feels_like":44.44,"pressure":1010,"humidity":82,"dew_point":44.78,"uvi":0,"clouds":100,"visibility":10000,"wind_speed":15.86,"wind_deg":165,"wind_gust":38.48,"weather":[{"id":804,"main":"Clouds","description":"overcast
        clouds","icon":"04n"}],"pop":0},{"dt":1637114400,"temp":50.97,"feels_like":49.57,"pressure":1009,"humidity":81,"dew_point":45.48,"uvi":0,"clouds":100,"visibility":10000,"wind_speed":15.39,"wind_deg":178,"wind_gust":39.8,"weather":[{"id":804,"main":"Clouds","description":"overcast
        clouds","icon":"04n"}],"pop":0},{"dt":1637118000,"temp":51.84,"feels_like":50.52,"pressure":1009,"humidity":81,"dew_point":46.29,"uvi":0,"clouds":100,"visibility":10000,"wind_speed":15.43,"wind_deg":184,"wind_gust":40,"weather":[{"id":804,"main":"Clouds","description":"overcast
        clouds","icon":"04n"}],"pop":0},{"dt":1637121600,"temp":52.57,"feels_like":51.57,"pressure":1008,"humidity":86,"dew_point":48.34,"uvi":0,"clouds":100,"visibility":10000,"wind_speed":15.59,"wind_deg":190,"wind_gust":40.53,"weather":[{"id":804,"main":"Clouds","description":"overcast
        clouds","icon":"04n"}],"pop":0},{"dt":1637125200,"temp":53.55,"feels_like":52.83,"pressure":1007,"humidity":90,"dew_point":50.7,"uvi":0,"clouds":96,"visibility":10000,"wind_speed":15.95,"wind_deg":198,"wind_gust":40.91,"weather":[{"id":804,"main":"Clouds","description":"overcast
        clouds","icon":"04n"}],"pop":0},{"dt":1637128800,"temp":55,"feels_like":54.54,"pressure":1007,"humidity":92,"dew_point":52.54,"uvi":0,"clouds":97,"visibility":10000,"wind_speed":16.67,"wind_deg":204,"wind_gust":40.91,"weather":[{"id":804,"main":"Clouds","description":"overcast
        clouds","icon":"04n"}],"pop":0},{"dt":1637132400,"temp":56.17,"feels_like":55.81,"pressure":1007,"humidity":92,"dew_point":53.91,"uvi":0,"clouds":100,"visibility":10000,"wind_speed":16.06,"wind_deg":208,"wind_gust":38.54,"weather":[{"id":804,"main":"Clouds","description":"overcast
        clouds","icon":"04n"}],"pop":0},{"dt":1637136000,"temp":56.93,"feels_like":56.7,"pressure":1007,"humidity":93,"dew_point":54.75,"uvi":0,"clouds":100,"visibility":10000,"wind_speed":14.85,"wind_deg":210,"wind_gust":35.54,"weather":[{"id":804,"main":"Clouds","description":"overcast
        clouds","icon":"04n"}],"pop":0},{"dt":1637139600,"temp":57.45,"feels_like":57.27,"pressure":1007,"humidity":93,"dew_point":55.36,"uvi":0,"clouds":100,"visibility":10000,"wind_speed":14.5,"wind_deg":209,"wind_gust":33.51,"weather":[{"id":804,"main":"Clouds","description":"overcast
        clouds","icon":"04n"}],"pop":0},{"dt":1637143200,"temp":57.83,"feels_like":57.69,"pressure":1007,"humidity":93,"dew_point":55.87,"uvi":0,"clouds":100,"visibility":10000,"wind_speed":13.98,"wind_deg":210,"wind_gust":31.7,"weather":[{"id":804,"main":"Clouds","description":"overcast
        clouds","icon":"04n"}],"pop":0},{"dt":1637146800,"temp":57.94,"feels_like":57.85,"pressure":1007,"humidity":94,"dew_point":56.05,"uvi":0,"clouds":100,"visibility":10000,"wind_speed":12.93,"wind_deg":213,"wind_gust":29.28,"weather":[{"id":500,"main":"Rain","description":"light
        rain","icon":"10n"}],"pop":0.24,"rain":{"1h":0.17}},{"dt":1637150400,"temp":57.76,"feels_like":57.65,"pressure":1008,"humidity":94,"dew_point":56.05,"uvi":0,"clouds":100,"visibility":10000,"wind_speed":11.9,"wind_deg":216,"wind_gust":27.47,"weather":[{"id":500,"main":"Rain","description":"light
        rain","icon":"10n"}],"pop":0.28,"rain":{"1h":0.17}},{"dt":1637154000,"temp":57.52,"feels_like":57.4,"pressure":1008,"humidity":94,"dew_point":55.9,"uvi":0,"clouds":100,"visibility":10000,"wind_speed":11.27,"wind_deg":216,"wind_gust":26.17,"weather":[{"id":500,"main":"Rain","description":"light
        rain","icon":"10d"}],"pop":0.62,"rain":{"1h":0.22}},{"dt":1637157600,"temp":57.25,"feels_like":57.15,"pressure":1009,"humidity":95,"dew_point":55.69,"uvi":0.03,"clouds":100,"visibility":10000,"wind_speed":10.58,"wind_deg":216,"wind_gust":24.56,"weather":[{"id":500,"main":"Rain","description":"light
        rain","icon":"10d"}],"pop":0.82,"rain":{"1h":0.31}},{"dt":1637161200,"temp":56.82,"feels_like":56.68,"pressure":1009,"humidity":95,"dew_point":55.47,"uvi":0.11,"clouds":100,"visibility":10000,"wind_speed":9.8,"wind_deg":217,"wind_gust":22.39,"weather":[{"id":500,"main":"Rain","description":"light
        rain","icon":"10d"}],"pop":0.87,"rain":{"1h":0.47}}],"daily":[{"dt":1636995600,"sunrise":1636980037,"sunset":1637015399,"moonrise":1637010240,"moonset":1636966140,"moon_phase":0.39,"temp":{"day":33.6,"min":32.4,"max":36.73,"night":36.73,"eve":35.62,"morn":32.4},"feels_like":{"day":27.61,"night":33.3,"eve":31.28,"morn":24.87},"pressure":1021,"humidity":61,"dew_point":22.78,"wind_speed":12.39,"wind_deg":304,"wind_gust":19.64,"weather":[{"id":804,"main":"Clouds","description":"overcast
        clouds","icon":"04d"}],"clouds":90,"pop":0.35,"uvi":1.26},{"dt":1637082000,"sunrise":1637066511,"sunset":1637101749,"moonrise":1637097900,"moonset":1637056260,"moon_phase":0.42,"temp":{"day":43.39,"min":36.91,"max":53.55,"night":53.55,"eve":48.79,"morn":38.07},"feels_like":{"day":37.47,"night":52.83,"eve":43.3,"morn":32.27},"pressure":1017,"humidity":70,"dew_point":34.03,"wind_speed":15.95,"wind_deg":198,"wind_gust":40.91,"weather":[{"id":804,"main":"Clouds","description":"overcast
        clouds","icon":"04d"}],"clouds":99,"pop":0,"uvi":1.63},{"dt":1637168400,"sunrise":1637152984,"sunset":1637188100,"moonrise":1637185680,"moonset":1637146380,"moon_phase":0.45,"temp":{"day":55.29,"min":43.93,"max":57.94,"night":43.93,"eve":47.46,"morn":57.94},"feels_like":{"day":54.93,"night":37.4,"eve":43.54,"morn":57.85},"pressure":1009,"humidity":94,"dew_point":53.62,"wind_speed":16.67,"wind_deg":204,"wind_gust":40.91,"weather":[{"id":500,"main":"Rain","description":"light
        rain","icon":"10d"}],"clouds":100,"pop":0.99,"rain":7.22,"uvi":0.21},{"dt":1637254800,"sunrise":1637239457,"sunset":1637274454,"moonrise":1637273520,"moonset":1637236560,"moon_phase":0.48,"temp":{"day":38.28,"min":34.32,"max":43.43,"night":34.32,"eve":36.52,"morn":36.93},"feels_like":{"day":29.03,"night":24.58,"eve":27.18,"morn":28.51},"pressure":1021,"humidity":44,"dew_point":18.01,"wind_speed":17,"wind_deg":277,"wind_gust":25.64,"weather":[{"id":802,"main":"Clouds","description":"scattered
        clouds","icon":"03d"}],"clouds":29,"pop":0.05,"uvi":1.63},{"dt":1637341200,"sunrise":1637325930,"sunset":1637360809,"moonrise":1637361660,"moonset":1637326680,"moon_phase":0.5,"temp":{"day":36.36,"min":31.6,"max":39.13,"night":38.44,"eve":38.68,"morn":31.6},"feels_like":{"day":33.71,"night":31.06,"eve":32.31,"morn":24.15},"pressure":1032,"humidity":46,"dew_point":17.22,"wind_speed":13,"wind_deg":305,"wind_gust":21.03,"weather":[{"id":804,"main":"Clouds","description":"overcast
        clouds","icon":"04d"}],"clouds":87,"pop":0,"uvi":2},{"dt":1637427600,"sunrise":1637412402,"sunset":1637447166,"moonrise":1637450100,"moonset":1637416800,"moon_phase":0.54,"temp":{"day":43.25,"min":38.5,"max":44.85,"night":44.85,"eve":44.67,"morn":38.53},"feels_like":{"day":35.91,"night":38.53,"eve":37.74,"morn":29.88},"pressure":1021,"humidity":47,"dew_point":24.49,"wind_speed":15.32,"wind_deg":187,"wind_gust":31.56,"weather":[{"id":804,"main":"Clouds","description":"overcast
        clouds","icon":"04d"}],"clouds":100,"pop":0,"uvi":2},{"dt":1637514000,"sunrise":1637498873,"sunset":1637533526,"moonrise":1637538960,"moonset":1637506740,"moon_phase":0.57,"temp":{"day":41.61,"min":36.48,"max":43.97,"night":39.61,"eve":40.69,"morn":36.48},"feels_like":{"day":36.5,"night":35.17,"eve":38.26,"morn":26.87},"pressure":1025,"humidity":41,"dew_point":19.44,"wind_speed":16.49,"wind_deg":298,"wind_gust":30.13,"weather":[{"id":800,"main":"Clear","description":"clear
        sky","icon":"01d"}],"clouds":3,"pop":0,"uvi":2},{"dt":1637600400,"sunrise":1637585344,"sunset":1637619887,"moonrise":1637628180,"moonset":1637596500,"moon_phase":0.6,"temp":{"day":44.37,"min":35.47,"max":46.63,"night":35.47,"eve":45.19,"morn":37.56},"feels_like":{"day":39,"night":23.9,"eve":37.58,"morn":32.32},"pressure":1011,"humidity":44,"dew_point":23.7,"wind_speed":22.57,"wind_deg":319,"wind_gust":32.53,"weather":[{"id":803,"main":"Clouds","description":"broken
        clouds","icon":"04d"}],"clouds":77,"pop":0.03,"uvi":2}]}'
  recorded_at: Mon, 15 Nov 2021 16:39:49 GMT
- request:
    method: get
    uri: http://www.boredapi.com/api/activity?type=relaxation
    body:
      encoding: US-ASCII
      string: ''
    headers:
      User-Agent:
      - Faraday v1.8.0
      Accept-Encoding:
      - gzip;q=1.0,deflate;q=0.6,identity;q=0.3
      Accept:
      - "*/*"
  response:
    status:
      code: 200
      message: OK
    headers:
      Server:
      - Cowboy
      Connection:
      - keep-alive
      X-Powered-By:
      - Express
      Access-Control-Allow-Origin:
      - "*"
      Access-Control-Allow-Headers:
      - Origin, X-Requested-With, Content-Type, Accept
      Content-Type:
      - application/json; charset=utf-8
      Content-Length:
      - '138'
      Etag:
      - W/"8a-03hWHhY1Zv1NfbAfrA6bvvQ9BJM"
      Date:
      - Mon, 15 Nov 2021 16:39:52 GMT
      Via:
      - 1.1 vegur
    body:
      encoding: UTF-8
      string: '{"activity":"Teach your dog a new trick","type":"relaxation","participants":1,"price":0.05,"link":"","key":"1668223","accessibility":0.15}'
  recorded_at: Mon, 15 Nov 2021 16:39:52 GMT
- request:
    method: get
    uri: http://www.boredapi.com/api/activity?type=cooking
    body:
      encoding: US-ASCII
      string: ''
    headers:
      User-Agent:
      - Faraday v1.8.0
      Accept-Encoding:
      - gzip;q=1.0,deflate;q=0.6,identity;q=0.3
      Accept:
      - "*/*"
  response:
    status:
      code: 200
      message: OK
    headers:
      Server:
      - Cowboy
      Connection:
      - keep-alive
      X-Powered-By:
      - Express
      Access-Control-Allow-Origin:
      - "*"
      Access-Control-Allow-Headers:
      - Origin, X-Requested-With, Content-Type, Accept
      Content-Type:
      - application/json; charset=utf-8
      Content-Length:
      - '150'
      Etag:
      - W/"96-UkxZxX6iv5TkIAEGIxDPVotA6w8"
      Date:
      - Mon, 15 Nov 2021 16:39:55 GMT
      Via:
      - 1.1 vegur
    body:
      encoding: UTF-8
      string: '{"activity":"Create a cookbook with your favorite recipes","type":"cooking","participants":1,"price":0,"link":"","key":"1947449","accessibility":0.05}'
  recorded_at: Mon, 15 Nov 2021 16:39:55 GMT
recorded_with: VCR 6.0.0
